TAP version 13
1..42
not ok 1 - .github/GOVERNANCE.md
not ok 2 - .github/actions/pip-install/README.md
not ok 3 - .github/actions/setup-environment/README.md
ok 4 - .github/workflows/_archive/README.md
ok 5 - CHANGELOG.md
ok 6 - CONSOLIDATION_SUMMARY.md
not ok 7 - GITHUB_MARKDOWN_AUDIT_COMPLETE.md
ok 8 - IMPLEMENTATION_SUMMARY.md
not ok 9 - PERFORMANCE_IMPROVEMENTS_SUMMARY.md
ok 10 - README.md
ok 11 - REPORT.md
ok 12 - SECURITY_SUMMARY.md
ok 13 - SECURITY_SUMMARY_API_RESILIENCE.md
ok 14 - config/styles/proselint/README.md
ok 15 - config/styles/write-good/README.md
ok 16 - dashboard-app/README.md
ok 17 - data/mock/README.md
ok 18 - data/snapshots/README.md
ok 19 - docs/API_RESILIENCE.md
ok 20 - docs/API_TIMEOUT_RETRY_GUIDE.md
not ok 21 - docs/CACHING_BENCHMARKS.md
not ok 22 - docs/CACHING_QUICK_REFERENCE.md
ok 23 - docs/INTEGRATION_EXAMPLE.md
ok 24 - docs/LOCATION_CARD_CHANGES.md
ok 25 - docs/MONITORING.md
not ok 26 - docs/OPTIMIZATION_GUIDE.md
not ok 27 - docs/README_LAYOUT_BEFORE_AFTER.md
ok 28 - docs/README_LAYOUT_CHANGELOG.md
not ok 29 - docs/README_SECTION_CHANGES.md
ok 30 - docs/RELEASES.md
not ok 31 - docs/ROBUSTNESS_IMPROVEMENTS.md
not ok 32 - docs/TROUBLESHOOTING.md
ok 33 - docs/UNIFIED_WORKFLOW_MIGRATION.md
ok 34 - docs/WORKFLOWS.md
ok 35 - docs/WORKFLOW_CACHING.md
ok 36 - docs/architecture.md
not ok 37 - docs/cards.md
not ok 38 - docs/markdown_valid_elements.md
not ok 39 - docs/style-guide.md
ok 40 - docs/workflows.md
ok 41 - footer/README.md
ok 42 - schemas/README.md
