TAP version 13
1..43
not ok 1 - .github/GOVERNANCE.md
not ok 2 - .github/actions/pip-install/README.md
not ok 3 - .github/actions/setup-environment/README.md
not ok 4 - .github/workflows/_archive/README.md
not ok 5 - CHANGELOG.md
not ok 6 - CONSOLIDATION_SUMMARY.md
not ok 7 - GITHUB_MARKDOWN_AUDIT_COMPLETE.md
not ok 8 - IMPLEMENTATION_SUMMARY.md
not ok 9 - PERFORMANCE_IMPROVEMENTS_SUMMARY.md
not ok 10 - README.md
not ok 11 - REFACTORING_REPORT.md
not ok 12 - REPORT.md
not ok 13 - SECURITY_SUMMARY.md
not ok 14 - SECURITY_SUMMARY_API_RESILIENCE.md
not ok 15 - config/styles/proselint/README.md
not ok 16 - config/styles/write-good/README.md
not ok 17 - dashboard-app/README.md
not ok 18 - data/mock/README.md
not ok 19 - data/snapshots/README.md
not ok 20 - docs/API_RESILIENCE.md
not ok 21 - docs/API_TIMEOUT_RETRY_GUIDE.md
not ok 22 - docs/CACHING_BENCHMARKS.md
not ok 23 - docs/CACHING_QUICK_REFERENCE.md
not ok 24 - docs/INTEGRATION_EXAMPLE.md
not ok 25 - docs/LOCATION_CARD_CHANGES.md
not ok 26 - docs/MONITORING.md
not ok 27 - docs/OPTIMIZATION_GUIDE.md
not ok 28 - docs/README_LAYOUT_BEFORE_AFTER.md
not ok 29 - docs/README_LAYOUT_CHANGELOG.md
not ok 30 - docs/README_SECTION_CHANGES.md
not ok 31 - docs/RELEASES.md
not ok 32 - docs/ROBUSTNESS_IMPROVEMENTS.md
not ok 33 - docs/TROUBLESHOOTING.md
not ok 34 - docs/UNIFIED_WORKFLOW_MIGRATION.md
not ok 35 - docs/WORKFLOWS.md
not ok 36 - docs/WORKFLOW_CACHING.md
not ok 37 - docs/architecture.md
not ok 38 - docs/cards.md
not ok 39 - docs/markdown_valid_elements.md
not ok 40 - docs/style-guide.md
not ok 41 - docs/workflows.md
not ok 42 - footer/README.md
not ok 43 - schemas/README.md
