TAP version 13
1..60
ok 1 - .devcontainer/devcontainer.json
ok 2 - .github/workflows/act-events/pull_request.json
ok 3 - .github/workflows/act-events/push.json
ok 4 - .github/workflows/act-events/workflow_dispatch.json
ok 5 - .vscode/extensions.json
ok 6 - .vscode/launch.json
ok 7 - .vscode/settings.json
ok 8 - .vscode/tasks.json
ok 9 - assets/metadata.json
ok 10 - config/META6.json
ok 11 - config/pyrightconfig.json
ok 12 - config/styles/proselint/meta.json
ok 13 - config/styles/write-good/meta.json
ok 14 - config/theme.json
ok 15 - dashboard-app/package-lock.json
ok 16 - dashboard-app/package.json
ok 17 - dashboard-app/public/achievements/achievements.json
ok 18 - dashboard-app/public/ai/identity.json
ok 19 - dashboard-app/public/config/theme.json
ok 20 - dashboard-app/public/developer/stats.json
ok 21 - dashboard-app/public/location/location.json
ok 22 - dashboard-app/public/oura/metrics.json
ok 23 - dashboard-app/public/oura/mood.json
ok 24 - dashboard-app/public/soundcloud/latest.json
ok 25 - dashboard-app/public/weather/weather.json
ok 26 - dashboard-app/tsconfig.app.json
ok 27 - dashboard-app/tsconfig.json
ok 28 - dashboard-app/tsconfig.node.json
ok 29 - data/metrics/developer.json
ok 30 - data/metrics/location.json
ok 31 - data/metrics/oura.json
ok 32 - data/metrics/parallel-fetch.json
ok 33 - data/metrics/soundcloud.json
ok 34 - data/metrics/test-workflow.json
ok 35 - data/metrics/weather.json
ok 36 - data/mock/developer-stats.json
ok 37 - data/mock/oura-metrics.json
ok 38 - data/mock/soundcloud-metadata.json
ok 39 - data/mock/weather.json
ok 40 - data/quotes/quotes.json
ok 41 - data/snapshots/daily/2025/12/2025-12-03.json
ok 42 - data/snapshots/monthly/2025-12.json
ok 43 - data/snapshots/weekly/2025-W49.json
ok 44 - data/timezone.json
ok 45 - developer/stats.json
ok 46 - location/location.json
ok 47 - oura/health_snapshot.json
ok 48 - oura/metrics.json
ok 49 - oura/mood.json
ok 50 - quotes/quote.json
ok 51 - schemas/developer-stats.schema.json
ok 52 - schemas/health-snapshot.schema.json
ok 53 - schemas/oura-metrics.schema.json
ok 54 - schemas/soundcloud-track.schema.json
ok 55 - schemas/theme.schema.json
ok 56 - schemas/weather.schema.json
ok 57 - soundcloud/last-success.json
ok 58 - soundcloud/latest.json
ok 59 - weather/debug_nominatim.json
ok 60 - weather/weather.json
