TAP version 13
1..57
not ok 1 - .devcontainer/devcontainer.json
ok 2 - .vscode/extensions.json
ok 3 - .vscode/launch.json
not ok 4 - .vscode/settings.json
ok 5 - .vscode/tasks.json
not ok 6 - assets/metadata.json
not ok 7 - config/META6.json
not ok 8 - config/pyrightconfig.json
not ok 9 - config/styles/proselint/meta.json
not ok 10 - config/styles/write-good/meta.json
not ok 11 - config/theme.json
not ok 12 - dashboard-app/package-lock.json
not ok 13 - dashboard-app/package.json
ok 14 - dashboard-app/public/achievements/achievements.json
not ok 15 - dashboard-app/public/ai/identity.json
not ok 16 - dashboard-app/public/config/theme.json
not ok 17 - dashboard-app/public/developer/stats.json
not ok 18 - dashboard-app/public/location/location.json
not ok 19 - dashboard-app/public/oura/metrics.json
not ok 20 - dashboard-app/public/oura/mood.json
not ok 21 - dashboard-app/public/soundcloud/latest.json
not ok 22 - dashboard-app/public/weather/weather.json
not ok 23 - dashboard-app/tsconfig.app.json
not ok 24 - dashboard-app/tsconfig.json
not ok 25 - dashboard-app/tsconfig.node.json
not ok 26 - data/metrics/developer.json
not ok 27 - data/metrics/location.json
not ok 28 - data/metrics/oura.json
not ok 29 - data/metrics/parallel-fetch.json
not ok 30 - data/metrics/soundcloud.json
not ok 31 - data/metrics/test-workflow.json
not ok 32 - data/metrics/weather.json
not ok 33 - data/mock/developer-stats.json
not ok 34 - data/mock/oura-metrics.json
not ok 35 - data/mock/soundcloud-metadata.json
not ok 36 - data/mock/weather.json
not ok 37 - data/quotes/quotes.json
not ok 38 - data/snapshots/daily/2025/12/2025-12-03.json
not ok 39 - data/snapshots/monthly/2025-12.json
not ok 40 - data/snapshots/weekly/2025-W49.json
not ok 41 - data/timezone.json
not ok 42 - developer/stats.json
not ok 43 - location/location.json
not ok 44 - oura/health_snapshot.json
not ok 45 - oura/metrics.json
not ok 46 - oura/mood.json
not ok 47 - quotes/quote.json
not ok 48 - schemas/developer-stats.schema.json
not ok 49 - schemas/health-snapshot.schema.json
not ok 50 - schemas/oura-metrics.schema.json
not ok 51 - schemas/soundcloud-track.schema.json
not ok 52 - schemas/theme.schema.json
not ok 53 - schemas/weather.schema.json
not ok 54 - soundcloud/last-success.json
not ok 55 - soundcloud/latest.json
not ok 56 - weather/debug_nominatim.json
not ok 57 - weather/weather.json
