TAP version 13
1..249
ok 1 - .czrc
not ok 2 - .devcontainer/devcontainer.json
ok 3 - .devcontainer/postCreate.sh
ok 4 - .editorconfig
ok 5 - .gitattributes
not ok 6 - .github/CODEOWNERS
ok 7 - .github/FUNDING.yml
ok 8 - .github/GOVERNANCE.md
ok 9 - .github/actionlint.yaml
not ok 10 - .github/actions/setup-environment/README.md
not ok 11 - .github/actions/setup-environment/action.yml
ok 12 - .github/linters/.gitkeep
not ok 13 - .github/workflows/developer.yml
not ok 14 - .github/workflows/location-card.yml
ok 15 - .github/workflows/megalinter.yml
ok 16 - .github/workflows/monitoring.yml
not ok 17 - .github/workflows/oura.yml
not ok 18 - .github/workflows/parallel-fetch.yml
not ok 19 - .github/workflows/soundcloud-card.yml
ok 20 - .github/workflows/tests.yml
not ok 21 - .github/workflows/weather.yml
ok 22 - .gitignore
ok 23 - .mailmap
ok 24 - .megalinter.yml
ok 25 - .pre-commit-config.yaml
ok 26 - .vscode/dictionaries/backend-terms.dictionary
ok 27 - .vscode/dictionaries/devops-cloud-terms.dictionary
ok 28 - .vscode/dictionaries/frontend-terms.dictionary
ok 29 - .vscode/dictionaries/programming-terms.dictionary
ok 30 - .vscode/dictionaries/project-words.dictionary
ok 31 - .vscode/dictionaries/software-terms.dictionary
ok 32 - .vscode/extensions.json
ok 33 - .vscode/launch.json
not ok 34 - .vscode/settings.json
ok 35 - .vscode/tasks.json
not ok 36 - GITHUB_MARKDOWN_AUDIT_COMPLETE.md
not ok 37 - IMPLEMENTATION_SUMMARY.md
not ok 38 - PERFORMANCE_IMPROVEMENTS_SUMMARY.md
ok 39 - README.md
not ok 40 - REPORT.md
not ok 41 - SECURITY_SUMMARY.md
not ok 42 - SECURITY_SUMMARY_API_RESILIENCE.md
ok 43 - assets/.gitkeep
not ok 44 - assets/metadata.json
ok 45 - assets/soundcloud-artwork.jpg
ok 46 - assets/soundcloud-card.svg
ok 47 - branding/badges/badge-template.svg
ok 48 - branding/badges/social-badge.svg
ok 49 - branding/badges/status-badge.svg
ok 50 - branding/badges/tech-badge.svg
ok 51 - branding/header.png
ok 52 - branding/header.svg
ok 53 - branding/logo.svg
not ok 54 - config/META6.json
ok 55 - config/analysis_options.yml
not ok 56 - config/apex-pmd-ruleset.xml
ok 57 - config/apt.conf
ok 58 - config/dpkg.cfg
not ok 59 - config/java-pmd-ruleset.xml
ok 60 - config/lychee.toml
ok 61 - config/lynis/custom.prf
ok 62 - config/phpcs.xml
not ok 63 - config/phpstan.neon.dist
not ok 64 - config/psalm.xml
not ok 65 - config/pyrightconfig.json
ok 66 - config/styles/proselint/Airlinese.yml
ok 67 - config/styles/proselint/AnimalLabels.yml
ok 68 - config/styles/proselint/Annotations.yml
ok 69 - config/styles/proselint/Apologizing.yml
ok 70 - config/styles/proselint/Archaisms.yml
ok 71 - config/styles/proselint/But.yml
ok 72 - config/styles/proselint/Cliches.yml
ok 73 - config/styles/proselint/CorporateSpeak.yml
ok 74 - config/styles/proselint/Currency.yml
ok 75 - config/styles/proselint/Cursing.yml
ok 76 - config/styles/proselint/DateCase.yml
ok 77 - config/styles/proselint/DateMidnight.yml
ok 78 - config/styles/proselint/DateRedundancy.yml
ok 79 - config/styles/proselint/DateSpacing.yml
ok 80 - config/styles/proselint/DenizenLabels.yml
ok 81 - config/styles/proselint/Diacritical.yml
ok 82 - config/styles/proselint/GenderBias.yml
ok 83 - config/styles/proselint/GroupTerms.yml
ok 84 - config/styles/proselint/Hedging.yml
ok 85 - config/styles/proselint/Hyperbole.yml
ok 86 - config/styles/proselint/Jargon.yml
ok 87 - config/styles/proselint/LGBTOffensive.yml
ok 88 - config/styles/proselint/LGBTTerms.yml
ok 89 - config/styles/proselint/Malapropisms.yml
ok 90 - config/styles/proselint/Needless.yml
ok 91 - config/styles/proselint/Nonwords.yml
ok 92 - config/styles/proselint/Oxymorons.yml
ok 93 - config/styles/proselint/P-Value.yml
not ok 94 - config/styles/proselint/RASSyndrome.yml
ok 95 - config/styles/proselint/README.md
ok 96 - config/styles/proselint/Skunked.yml
ok 97 - config/styles/proselint/Spelling.yml
ok 98 - config/styles/proselint/Typography.yml
not ok 99 - config/styles/proselint/Uncomparables.yml
ok 100 - config/styles/proselint/Very.yml
not ok 101 - config/styles/proselint/meta.json
ok 102 - config/styles/write-good/Cliches.yml
ok 103 - config/styles/write-good/E-Prime.yml
ok 104 - config/styles/write-good/Illusions.yml
ok 105 - config/styles/write-good/Passive.yml
ok 106 - config/styles/write-good/README.md
ok 107 - config/styles/write-good/So.yml
ok 108 - config/styles/write-good/ThereIs.yml
ok 109 - config/styles/write-good/TooWordy.yml
ok 110 - config/styles/write-good/Weasel.yml
not ok 111 - config/styles/write-good/meta.json
ok 112 - config/sun_checks.xml
ok 113 - config/terragrunt.hcl
ok 114 - config/terrascan-config.toml
not ok 115 - config/theme.json
ok 116 - config/trivy-sbom.yaml
ok 117 - config/trivy.yaml
ok 118 - dashboard-dark.svg
ok 119 - dashboard-interactive.svg
ok 120 - dashboard-light.svg
ok 121 - dashboard.svg
not ok 122 - data/metrics/developer.json
not ok 123 - data/metrics/location.json
not ok 124 - data/metrics/oura.json
not ok 125 - data/metrics/parallel-fetch.json
not ok 126 - data/metrics/soundcloud.json
not ok 127 - data/metrics/test-workflow.json
not ok 128 - data/metrics/weather.json
ok 129 - data/mock/README.md
not ok 130 - data/mock/developer-stats.json
not ok 131 - data/mock/oura-metrics.json
ok 132 - data/mock/soundcloud-artwork.jpg
not ok 133 - data/mock/soundcloud-metadata.json
not ok 134 - data/mock/weather.json
ok 135 - data/snapshots/README.md
ok 136 - data/snapshots/daily/.gitkeep
not ok 137 - data/snapshots/daily/2025/12/2025-12-03.json
ok 138 - data/snapshots/monthly/.gitkeep
not ok 139 - data/snapshots/monthly/2025-12.json
ok 140 - data/snapshots/weekly/.gitkeep
not ok 141 - data/snapshots/weekly/2025-W49.json
ok 142 - data/status/status-page.svg
not ok 143 - data/timezone.json
ok 144 - developer/.gitkeep
ok 145 - developer/developer_dashboard.svg
not ok 146 - docs/API_RESILIENCE.md
not ok 147 - docs/API_TIMEOUT_RETRY_GUIDE.md
not ok 148 - docs/INTEGRATION_EXAMPLE.md
not ok 149 - docs/LOCATION_CARD_CHANGES.md
not ok 150 - docs/MONITORING.md
not ok 151 - docs/OPTIMIZATION_GUIDE.md
ok 152 - docs/README_LAYOUT_BEFORE_AFTER.md
not ok 153 - docs/README_LAYOUT_CHANGELOG.md
not ok 154 - docs/README_SECTION_CHANGES.md
not ok 155 - docs/ROBUSTNESS_IMPROVEMENTS.md
not ok 156 - docs/WORKFLOWS.md
not ok 157 - docs/architecture.md
not ok 158 - docs/cards.md
not ok 159 - docs/markdown_valid_elements.md
not ok 160 - docs/style-guide.md
not ok 161 - docs/workflows.md
not ok 162 - footer/README.md
ok 163 - footer/footer.html
ok 164 - location/.gitkeep
ok 165 - models/.gitkeep
ok 166 - notebooks/.gitkeep
ok 167 - oura/.gitkeep
ok 168 - oura/health_dashboard.svg
not ok 169 - oura/health_snapshot.json
not ok 170 - oura/metrics.json
not ok 171 - oura/mood.json
ok 172 - oura/mood_dashboard.svg
ok 173 - poetry.toml
not ok 174 - profile.code-workspace
ok 175 - pyproject.toml
ok 176 - requirements-dev.txt
ok 177 - requirements.txt
ok 178 - schemas/README.md
not ok 179 - schemas/developer-stats.schema.json
not ok 180 - schemas/health-snapshot.schema.json
not ok 181 - schemas/oura-metrics.schema.json
not ok 182 - schemas/soundcloud-track.schema.json
not ok 183 - schemas/theme.schema.json
not ok 184 - schemas/weather.schema.json
ok 185 - scripts/audit_megalinter_config.py
not ok 186 - scripts/dev-mode.sh
not ok 187 - scripts/fetch-developer-stats.py
not ok 188 - scripts/fetch-location.sh
not ok 189 - scripts/fetch-oura.sh
not ok 190 - scripts/fetch-soundcloud.sh
not ok 191 - scripts/fetch-timezone.sh
not ok 192 - scripts/fetch-weather.sh
not ok 193 - scripts/generate-card.py
not ok 194 - scripts/generate-consolidated-dashboard.py
not ok 195 - scripts/generate-developer-dashboard.py
not ok 196 - scripts/generate-fallback-map.py
not ok 197 - scripts/generate-health-dashboard.py
not ok 198 - scripts/generate-health-snapshot.py
not ok 199 - scripts/generate-interactive-dashboard.py
not ok 200 - scripts/generate-location-card.py
not ok 201 - scripts/generate-oura-mood-card.py
not ok 202 - scripts/generate-status-page.py
not ok 203 - scripts/generate-summary-card.py
not ok 204 - scripts/generate-themed-dashboard.py
not ok 205 - scripts/generate-weather-card.py
ok 206 - scripts/generate_megalinter_summary.py
not ok 207 - scripts/health_check.sh
not ok 208 - scripts/incremental-generate.py
not ok 209 - scripts/inject-footer.py
ok 210 - scripts/lib/__init__.py
not ok 211 - scripts/lib/card_base.py
not ok 212 - scripts/lib/change_detection.py
not ok 213 - scripts/lib/common.sh
not ok 214 - scripts/lib/data_quality.py
not ok 215 - scripts/lib/logging.sh
not ok 216 - scripts/lib/logging_utils.py
not ok 217 - scripts/lib/metrics.py
not ok 218 - scripts/lib/utils.py
not ok 219 - scripts/lib/weather_alerts.py
not ok 220 - scripts/log_summary.py
not ok 221 - scripts/new-card.sh
ok 222 - scripts/oura-mood-engine.py
not ok 223 - scripts/record-workflow-metrics.py
not ok 224 - scripts/store-historical-snapshot.py
ok 225 - scripts/update-readme.py
not ok 226 - scripts/validate-data-quality.py
ok 227 - summary-monthly.svg
ok 228 - summary-weekly.svg
ok 229 - tests/__init__.py
not ok 230 - tests/test_cache.sh
not ok 231 - tests/test_card_generators.py
not ok 232 - tests/test_change_detection.py
not ok 233 - tests/test_data_quality.py
not ok 234 - tests/test_developer_dashboard.py
ok 235 - tests/test_fallback.py
not ok 236 - tests/test_health_checks.sh
not ok 237 - tests/test_location_diagnostics.py
not ok 238 - tests/test_location_shell_diagnostics.sh
ok 239 - tests/test_log_summary.py
not ok 240 - tests/test_mapbox_integration.py
not ok 241 - tests/test_metrics.py
not ok 242 - tests/test_new_card.sh
not ok 243 - tests/test_retry_logic.sh
not ok 244 - tests/test_theme_validation.py
ok 245 - tests/test_time_utils.py
not ok 246 - tests/test_timeout_coverage.sh
not ok 247 - tests/test_utils.py
ok 248 - weather/weather-today.svg
not ok 249 - weather/weather.json
