TAP version 13
1..36
ok 1 - .devcontainer/devcontainer.json
ok 2 - .vscode/extensions.json
ok 3 - .vscode/launch.json
ok 4 - .vscode/settings.json
ok 5 - .vscode/tasks.json
ok 6 - assets/metadata.json
ok 7 - config/META6.json
ok 8 - config/pyrightconfig.json
ok 9 - config/styles/proselint/meta.json
ok 10 - config/styles/write-good/meta.json
ok 11 - config/theme.json
ok 12 - data/metrics/developer.json
ok 13 - data/metrics/location.json
ok 14 - data/metrics/oura.json
ok 15 - data/metrics/parallel-fetch.json
ok 16 - data/metrics/soundcloud.json
ok 17 - data/metrics/test-workflow.json
ok 18 - data/metrics/weather.json
ok 19 - data/mock/developer-stats.json
ok 20 - data/mock/oura-metrics.json
ok 21 - data/mock/soundcloud-metadata.json
ok 22 - data/mock/weather.json
ok 23 - data/snapshots/daily/2025/12/2025-12-03.json
ok 24 - data/snapshots/monthly/2025-12.json
ok 25 - data/snapshots/weekly/2025-W49.json
ok 26 - data/timezone.json
ok 27 - oura/health_snapshot.json
ok 28 - oura/metrics.json
ok 29 - oura/mood.json
ok 30 - schemas/developer-stats.schema.json
ok 31 - schemas/health-snapshot.schema.json
ok 32 - schemas/oura-metrics.schema.json
ok 33 - schemas/soundcloud-track.schema.json
ok 34 - schemas/theme.schema.json
ok 35 - schemas/weather.schema.json
ok 36 - weather/weather.json
