TAP version 13
1..45
not ok 1 - scripts/audit_megalinter_config.py
not ok 2 - scripts/fetch-developer-stats.py
not ok 3 - scripts/generate-card.py
not ok 4 - scripts/generate-consolidated-dashboard.py
not ok 5 - scripts/generate-developer-dashboard.py
not ok 6 - scripts/generate-fallback-map.py
not ok 7 - scripts/generate-health-dashboard.py
not ok 8 - scripts/generate-health-snapshot.py
not ok 9 - scripts/generate-interactive-dashboard.py
not ok 10 - scripts/generate-location-card.py
not ok 11 - scripts/generate-oura-mood-card.py
not ok 12 - scripts/generate-status-page.py
not ok 13 - scripts/generate-summary-card.py
not ok 14 - scripts/generate-themed-dashboard.py
not ok 15 - scripts/generate-weather-card.py
not ok 16 - scripts/generate_megalinter_summary.py
not ok 17 - scripts/incremental-generate.py
ok 18 - scripts/inject-footer.py
not ok 19 - scripts/lib/__init__.py
not ok 20 - scripts/lib/card_base.py
ok 21 - scripts/lib/change_detection.py
not ok 22 - scripts/lib/data_quality.py
not ok 23 - scripts/lib/logging_utils.py
not ok 24 - scripts/lib/metrics.py
not ok 25 - scripts/lib/utils.py
not ok 26 - scripts/lib/weather_alerts.py
not ok 27 - scripts/log_summary.py
not ok 28 - scripts/oura-mood-engine.py
not ok 29 - scripts/record-workflow-metrics.py
not ok 30 - scripts/store-historical-snapshot.py
ok 31 - scripts/update-readme.py
not ok 32 - scripts/validate-data-quality.py
ok 33 - tests/__init__.py
not ok 34 - tests/test_card_generators.py
not ok 35 - tests/test_change_detection.py
not ok 36 - tests/test_data_quality.py
ok 37 - tests/test_developer_dashboard.py
not ok 38 - tests/test_fallback.py
not ok 39 - tests/test_location_diagnostics.py
not ok 40 - tests/test_log_summary.py
ok 41 - tests/test_mapbox_integration.py
not ok 42 - tests/test_metrics.py
not ok 43 - tests/test_theme_validation.py
not ok 44 - tests/test_time_utils.py
not ok 45 - tests/test_utils.py
