TAP version 13
1..31
not ok 1 - .github/GOVERNANCE.md
not ok 2 - .github/actions/setup-environment/README.md
not ok 3 - GITHUB_MARKDOWN_AUDIT_COMPLETE.md
not ok 4 - IMPLEMENTATION_SUMMARY.md
not ok 5 - PERFORMANCE_IMPROVEMENTS_SUMMARY.md
not ok 6 - README.md
not ok 7 - REPORT.md
not ok 8 - SECURITY_SUMMARY.md
not ok 9 - SECURITY_SUMMARY_API_RESILIENCE.md
not ok 10 - config/styles/proselint/README.md
not ok 11 - config/styles/write-good/README.md
not ok 12 - data/mock/README.md
not ok 13 - data/snapshots/README.md
not ok 14 - docs/API_RESILIENCE.md
not ok 15 - docs/API_TIMEOUT_RETRY_GUIDE.md
not ok 16 - docs/INTEGRATION_EXAMPLE.md
not ok 17 - docs/LOCATION_CARD_CHANGES.md
not ok 18 - docs/MONITORING.md
not ok 19 - docs/OPTIMIZATION_GUIDE.md
not ok 20 - docs/README_LAYOUT_BEFORE_AFTER.md
not ok 21 - docs/README_LAYOUT_CHANGELOG.md
not ok 22 - docs/README_SECTION_CHANGES.md
not ok 23 - docs/ROBUSTNESS_IMPROVEMENTS.md
not ok 24 - docs/WORKFLOWS.md
not ok 25 - docs/architecture.md
not ok 26 - docs/cards.md
not ok 27 - docs/markdown_valid_elements.md
not ok 28 - docs/style-guide.md
not ok 29 - docs/workflows.md
not ok 30 - footer/README.md
not ok 31 - schemas/README.md
