TAP version 13
1..129
not ok 1 - .devcontainer/devcontainer.json
not ok 2 - .github/FUNDING.yml
not ok 3 - .github/GOVERNANCE.md
not ok 4 - .github/actionlint.yaml
not ok 5 - .github/actions/setup-environment/README.md
not ok 6 - .github/actions/setup-environment/action.yml
not ok 7 - .github/workflows/developer.yml
not ok 8 - .github/workflows/location-card.yml
not ok 9 - .github/workflows/megalinter.yml
not ok 10 - .github/workflows/monitoring.yml
not ok 11 - .github/workflows/oura.yml
not ok 12 - .github/workflows/parallel-fetch.yml
not ok 13 - .github/workflows/soundcloud-card.yml
not ok 14 - .github/workflows/tests.yml
not ok 15 - .github/workflows/weather.yml
not ok 16 - .megalinter.yml
not ok 17 - .pre-commit-config.yaml
not ok 18 - .vscode/extensions.json
not ok 19 - .vscode/launch.json
not ok 20 - .vscode/settings.json
not ok 21 - .vscode/tasks.json
not ok 22 - GITHUB_MARKDOWN_AUDIT_COMPLETE.md
not ok 23 - IMPLEMENTATION_SUMMARY.md
not ok 24 - PERFORMANCE_IMPROVEMENTS_SUMMARY.md
not ok 25 - README.md
not ok 26 - REPORT.md
not ok 27 - SECURITY_SUMMARY.md
not ok 28 - SECURITY_SUMMARY_API_RESILIENCE.md
not ok 29 - assets/metadata.json
not ok 30 - config/META6.json
not ok 31 - config/analysis_options.yml
not ok 32 - config/pyrightconfig.json
not ok 33 - config/styles/proselint/Airlinese.yml
not ok 34 - config/styles/proselint/AnimalLabels.yml
not ok 35 - config/styles/proselint/Annotations.yml
not ok 36 - config/styles/proselint/Apologizing.yml
not ok 37 - config/styles/proselint/Archaisms.yml
not ok 38 - config/styles/proselint/But.yml
not ok 39 - config/styles/proselint/Cliches.yml
not ok 40 - config/styles/proselint/CorporateSpeak.yml
not ok 41 - config/styles/proselint/Currency.yml
not ok 42 - config/styles/proselint/Cursing.yml
not ok 43 - config/styles/proselint/DateCase.yml
not ok 44 - config/styles/proselint/DateMidnight.yml
not ok 45 - config/styles/proselint/DateRedundancy.yml
not ok 46 - config/styles/proselint/DateSpacing.yml
not ok 47 - config/styles/proselint/DenizenLabels.yml
not ok 48 - config/styles/proselint/Diacritical.yml
not ok 49 - config/styles/proselint/GenderBias.yml
not ok 50 - config/styles/proselint/GroupTerms.yml
not ok 51 - config/styles/proselint/Hedging.yml
not ok 52 - config/styles/proselint/Hyperbole.yml
not ok 53 - config/styles/proselint/Jargon.yml
not ok 54 - config/styles/proselint/LGBTOffensive.yml
not ok 55 - config/styles/proselint/LGBTTerms.yml
not ok 56 - config/styles/proselint/Malapropisms.yml
not ok 57 - config/styles/proselint/Needless.yml
not ok 58 - config/styles/proselint/Nonwords.yml
not ok 59 - config/styles/proselint/Oxymorons.yml
not ok 60 - config/styles/proselint/P-Value.yml
not ok 61 - config/styles/proselint/RASSyndrome.yml
not ok 62 - config/styles/proselint/README.md
not ok 63 - config/styles/proselint/Skunked.yml
not ok 64 - config/styles/proselint/Spelling.yml
not ok 65 - config/styles/proselint/Typography.yml
not ok 66 - config/styles/proselint/Uncomparables.yml
not ok 67 - config/styles/proselint/Very.yml
not ok 68 - config/styles/proselint/meta.json
not ok 69 - config/styles/write-good/Cliches.yml
not ok 70 - config/styles/write-good/E-Prime.yml
not ok 71 - config/styles/write-good/Illusions.yml
not ok 72 - config/styles/write-good/Passive.yml
not ok 73 - config/styles/write-good/README.md
not ok 74 - config/styles/write-good/So.yml
not ok 75 - config/styles/write-good/ThereIs.yml
not ok 76 - config/styles/write-good/TooWordy.yml
not ok 77 - config/styles/write-good/Weasel.yml
not ok 78 - config/styles/write-good/meta.json
not ok 79 - config/theme.json
not ok 80 - config/trivy-sbom.yaml
not ok 81 - config/trivy.yaml
not ok 82 - data/metrics/developer.json
not ok 83 - data/metrics/location.json
not ok 84 - data/metrics/oura.json
not ok 85 - data/metrics/parallel-fetch.json
not ok 86 - data/metrics/soundcloud.json
not ok 87 - data/metrics/test-workflow.json
not ok 88 - data/metrics/weather.json
not ok 89 - data/mock/README.md
not ok 90 - data/mock/developer-stats.json
not ok 91 - data/mock/oura-metrics.json
not ok 92 - data/mock/soundcloud-metadata.json
not ok 93 - data/mock/weather.json
not ok 94 - data/snapshots/README.md
not ok 95 - data/snapshots/daily/2025/12/2025-12-03.json
not ok 96 - data/snapshots/monthly/2025-12.json
not ok 97 - data/snapshots/weekly/2025-W49.json
not ok 98 - data/timezone.json
not ok 99 - docs/API_RESILIENCE.md
not ok 100 - docs/API_TIMEOUT_RETRY_GUIDE.md
not ok 101 - docs/INTEGRATION_EXAMPLE.md
not ok 102 - docs/LOCATION_CARD_CHANGES.md
not ok 103 - docs/MONITORING.md
not ok 104 - docs/OPTIMIZATION_GUIDE.md
not ok 105 - docs/README_LAYOUT_BEFORE_AFTER.md
not ok 106 - docs/README_LAYOUT_CHANGELOG.md
not ok 107 - docs/README_SECTION_CHANGES.md
not ok 108 - docs/ROBUSTNESS_IMPROVEMENTS.md
not ok 109 - docs/WORKFLOWS.md
not ok 110 - docs/architecture.md
not ok 111 - docs/cards.md
not ok 112 - docs/markdown_valid_elements.md
not ok 113 - docs/style-guide.md
not ok 114 - docs/workflows.md
not ok 115 - footer/README.md
not ok 116 - footer/footer.html
not ok 117 - oura/health_snapshot.json
not ok 118 - oura/metrics.json
not ok 119 - oura/mood.json
not ok 120 - requirements-dev.txt
not ok 121 - requirements.txt
not ok 122 - schemas/README.md
not ok 123 - schemas/developer-stats.schema.json
not ok 124 - schemas/health-snapshot.schema.json
not ok 125 - schemas/oura-metrics.schema.json
not ok 126 - schemas/soundcloud-track.schema.json
not ok 127 - schemas/theme.schema.json
not ok 128 - schemas/weather.schema.json
not ok 129 - weather/weather.json
