TAP version 13
1..169
not ok 1 - .devcontainer/devcontainer.json
not ok 2 - .github/FUNDING.yml
not ok 3 - .github/GOVERNANCE.md
not ok 4 - .github/actionlint.yaml
not ok 5 - .github/actions/pip-install/README.md
not ok 6 - .github/actions/pip-install/action.yml
not ok 7 - .github/actions/setup-environment/README.md
not ok 8 - .github/actions/setup-environment/action.yml
not ok 9 - .github/workflows/_archive/README.md
not ok 10 - .github/workflows/_archive/deploy-dashboard.yml
not ok 11 - .github/workflows/_archive/developer.yml
not ok 12 - .github/workflows/_archive/location-card.yml
not ok 13 - .github/workflows/_archive/megalinter.yml
not ok 14 - .github/workflows/_archive/oura.yml
not ok 15 - .github/workflows/_archive/parallel-fetch.yml
not ok 16 - .github/workflows/_archive/soundcloud-card.yml
not ok 17 - .github/workflows/_archive/weather.yml
not ok 18 - .github/workflows/build-profile.yml
not ok 19 - .github/workflows/greetings.yml
not ok 20 - .github/workflows/monitoring.yml
not ok 21 - .github/workflows/release.yml
not ok 22 - .github/workflows/tests.yml
not ok 23 - .megalinter.yml
not ok 24 - .pre-commit-config.yaml
not ok 25 - .vscode/extensions.json
not ok 26 - .vscode/launch.json
not ok 27 - .vscode/settings.json
not ok 28 - .vscode/tasks.json
not ok 29 - CHANGELOG.md
not ok 30 - CONSOLIDATION_SUMMARY.md
not ok 31 - GITHUB_MARKDOWN_AUDIT_COMPLETE.md
not ok 32 - IMPLEMENTATION_SUMMARY.md
not ok 33 - PERFORMANCE_IMPROVEMENTS_SUMMARY.md
not ok 34 - README.md
not ok 35 - REFACTORING_REPORT.md
not ok 36 - REPORT.md
not ok 37 - SECURITY_SUMMARY.md
not ok 38 - SECURITY_SUMMARY_API_RESILIENCE.md
not ok 39 - assets/metadata.json
not ok 40 - config/META6.json
not ok 41 - config/analysis_options.yml
not ok 42 - config/pyrightconfig.json
not ok 43 - config/styles/proselint/Airlinese.yml
not ok 44 - config/styles/proselint/AnimalLabels.yml
not ok 45 - config/styles/proselint/Annotations.yml
not ok 46 - config/styles/proselint/Apologizing.yml
not ok 47 - config/styles/proselint/Archaisms.yml
not ok 48 - config/styles/proselint/But.yml
not ok 49 - config/styles/proselint/Cliches.yml
not ok 50 - config/styles/proselint/CorporateSpeak.yml
not ok 51 - config/styles/proselint/Currency.yml
not ok 52 - config/styles/proselint/Cursing.yml
not ok 53 - config/styles/proselint/DateCase.yml
not ok 54 - config/styles/proselint/DateMidnight.yml
not ok 55 - config/styles/proselint/DateRedundancy.yml
not ok 56 - config/styles/proselint/DateSpacing.yml
not ok 57 - config/styles/proselint/DenizenLabels.yml
not ok 58 - config/styles/proselint/Diacritical.yml
not ok 59 - config/styles/proselint/GenderBias.yml
not ok 60 - config/styles/proselint/GroupTerms.yml
not ok 61 - config/styles/proselint/Hedging.yml
not ok 62 - config/styles/proselint/Hyperbole.yml
not ok 63 - config/styles/proselint/Jargon.yml
not ok 64 - config/styles/proselint/LGBTOffensive.yml
not ok 65 - config/styles/proselint/LGBTTerms.yml
not ok 66 - config/styles/proselint/Malapropisms.yml
not ok 67 - config/styles/proselint/Needless.yml
not ok 68 - config/styles/proselint/Nonwords.yml
not ok 69 - config/styles/proselint/Oxymorons.yml
not ok 70 - config/styles/proselint/P-Value.yml
not ok 71 - config/styles/proselint/RASSyndrome.yml
not ok 72 - config/styles/proselint/README.md
not ok 73 - config/styles/proselint/Skunked.yml
not ok 74 - config/styles/proselint/Spelling.yml
not ok 75 - config/styles/proselint/Typography.yml
not ok 76 - config/styles/proselint/Uncomparables.yml
not ok 77 - config/styles/proselint/Very.yml
not ok 78 - config/styles/proselint/meta.json
not ok 79 - config/styles/write-good/Cliches.yml
not ok 80 - config/styles/write-good/E-Prime.yml
not ok 81 - config/styles/write-good/Illusions.yml
not ok 82 - config/styles/write-good/Passive.yml
not ok 83 - config/styles/write-good/README.md
not ok 84 - config/styles/write-good/So.yml
not ok 85 - config/styles/write-good/ThereIs.yml
not ok 86 - config/styles/write-good/TooWordy.yml
not ok 87 - config/styles/write-good/Weasel.yml
not ok 88 - config/styles/write-good/meta.json
not ok 89 - config/theme.json
not ok 90 - config/trivy-sbom.yaml
not ok 91 - config/trivy.yaml
not ok 92 - dashboard-app/README.md
not ok 93 - dashboard-app/index.html
not ok 94 - dashboard-app/package-lock.json
not ok 95 - dashboard-app/package.json
not ok 96 - dashboard-app/public/achievements/achievements.json
not ok 97 - dashboard-app/public/ai/identity.json
not ok 98 - dashboard-app/public/config/theme.json
not ok 99 - dashboard-app/public/developer/stats.json
not ok 100 - dashboard-app/public/location/location.json
not ok 101 - dashboard-app/public/oura/metrics.json
not ok 102 - dashboard-app/public/oura/mood.json
not ok 103 - dashboard-app/public/soundcloud/latest.json
not ok 104 - dashboard-app/public/weather/weather.json
not ok 105 - dashboard-app/tsconfig.app.json
not ok 106 - dashboard-app/tsconfig.json
not ok 107 - dashboard-app/tsconfig.node.json
not ok 108 - data/metrics/developer.json
not ok 109 - data/metrics/location.json
not ok 110 - data/metrics/oura.json
not ok 111 - data/metrics/parallel-fetch.json
not ok 112 - data/metrics/soundcloud.json
not ok 113 - data/metrics/test-workflow.json
not ok 114 - data/metrics/weather.json
not ok 115 - data/mock/README.md
not ok 116 - data/mock/developer-stats.json
not ok 117 - data/mock/oura-metrics.json
not ok 118 - data/mock/soundcloud-metadata.json
not ok 119 - data/mock/weather.json
not ok 120 - data/quotes/quotes.json
not ok 121 - data/snapshots/README.md
not ok 122 - data/snapshots/daily/2025/12/2025-12-03.json
not ok 123 - data/snapshots/monthly/2025-12.json
not ok 124 - data/snapshots/weekly/2025-W49.json
not ok 125 - data/timezone.json
not ok 126 - developer/stats.json
not ok 127 - docs/API_RESILIENCE.md
not ok 128 - docs/API_TIMEOUT_RETRY_GUIDE.md
not ok 129 - docs/CACHING_BENCHMARKS.md
not ok 130 - docs/CACHING_QUICK_REFERENCE.md
not ok 131 - docs/INTEGRATION_EXAMPLE.md
not ok 132 - docs/LOCATION_CARD_CHANGES.md
not ok 133 - docs/MONITORING.md
not ok 134 - docs/OPTIMIZATION_GUIDE.md
not ok 135 - docs/README_LAYOUT_BEFORE_AFTER.md
not ok 136 - docs/README_LAYOUT_CHANGELOG.md
not ok 137 - docs/README_SECTION_CHANGES.md
not ok 138 - docs/RELEASES.md
not ok 139 - docs/ROBUSTNESS_IMPROVEMENTS.md
not ok 140 - docs/TROUBLESHOOTING.md
not ok 141 - docs/UNIFIED_WORKFLOW_MIGRATION.md
not ok 142 - docs/WORKFLOWS.md
not ok 143 - docs/WORKFLOW_CACHING.md
not ok 144 - docs/architecture.md
not ok 145 - docs/cards.md
not ok 146 - docs/markdown_valid_elements.md
not ok 147 - docs/style-guide.md
not ok 148 - docs/workflows.md
not ok 149 - footer/README.md
not ok 150 - footer/footer.html
not ok 151 - location/location.json
not ok 152 - oura/health_snapshot.json
not ok 153 - oura/metrics.json
not ok 154 - oura/mood.json
not ok 155 - quotes/quote.json
not ok 156 - requirements-dev.txt
not ok 157 - requirements.txt
not ok 158 - schemas/README.md
not ok 159 - schemas/developer-stats.schema.json
not ok 160 - schemas/health-snapshot.schema.json
not ok 161 - schemas/oura-metrics.schema.json
not ok 162 - schemas/soundcloud-track.schema.json
not ok 163 - schemas/theme.schema.json
not ok 164 - schemas/weather.schema.json
not ok 165 - soundcloud/last-success.json
not ok 166 - soundcloud/latest.json
not ok 167 - weather/debug_nominatim.json
not ok 168 - weather/debug_nominatim_response.txt
not ok 169 - weather/weather.json
