TAP version 13
1..328
not ok 1 - .czrc
not ok 2 - .devcontainer/devcontainer.json
not ok 3 - .devcontainer/postCreate.sh
not ok 4 - .editorconfig
not ok 5 - .gitattributes
not ok 6 - .github/CODEOWNERS
not ok 7 - .github/FUNDING.yml
ok 8 - .github/GOVERNANCE.md
ok 9 - .github/actionlint.yaml
not ok 10 - .github/actions/pip-install/README.md
not ok 11 - .github/actions/pip-install/action.yml
not ok 12 - .github/actions/setup-environment/README.md
not ok 13 - .github/actions/setup-environment/action.yml
ok 14 - .github/linters/.gitkeep
not ok 15 - .github/workflows/_archive/README.md
not ok 16 - .github/workflows/_archive/deploy-dashboard.yml
not ok 17 - .github/workflows/_archive/developer.yml
not ok 18 - .github/workflows/_archive/location-card.yml
ok 19 - .github/workflows/_archive/megalinter.yml
not ok 20 - .github/workflows/_archive/oura.yml
not ok 21 - .github/workflows/_archive/parallel-fetch.yml
not ok 22 - .github/workflows/_archive/soundcloud-card.yml
not ok 23 - .github/workflows/_archive/weather.yml
not ok 24 - .github/workflows/build-profile.yml
not ok 25 - .github/workflows/greetings.yml
ok 26 - .github/workflows/monitoring.yml
not ok 27 - .github/workflows/release.yml
not ok 28 - .github/workflows/tests.yml
not ok 29 - .gitignore
not ok 30 - .mailmap
not ok 31 - .megalinter.yml
not ok 32 - .pre-commit-config.yaml
not ok 33 - .vscode/dictionaries/backend-terms.dictionary
ok 34 - .vscode/dictionaries/devops-cloud-terms.dictionary
not ok 35 - .vscode/dictionaries/frontend-terms.dictionary
not ok 36 - .vscode/dictionaries/programming-terms.dictionary
not ok 37 - .vscode/dictionaries/project-words.dictionary
not ok 38 - .vscode/dictionaries/software-terms.dictionary
not ok 39 - .vscode/extensions.json
ok 40 - .vscode/launch.json
not ok 41 - .vscode/settings.json
ok 42 - .vscode/tasks.json
not ok 43 - CHANGELOG.md
not ok 44 - CONSOLIDATION_SUMMARY.md
not ok 45 - GITHUB_MARKDOWN_AUDIT_COMPLETE.md
not ok 46 - IMPLEMENTATION_SUMMARY.md
not ok 47 - PERFORMANCE_IMPROVEMENTS_SUMMARY.md
not ok 48 - README.md
not ok 49 - REFACTORING_REPORT.md
not ok 50 - REPORT.md
not ok 51 - SECURITY_SUMMARY.md
not ok 52 - SECURITY_SUMMARY_API_RESILIENCE.md
ok 53 - VERSION
ok 54 - assets/.gitkeep
ok 55 - assets/metadata.json
ok 56 - assets/soundcloud-artwork.jpg
not ok 57 - assets/soundcloud-card.svg
not ok 58 - branding/badges/badge-template.svg
not ok 59 - branding/badges/social-badge.svg
not ok 60 - branding/badges/status-badge.svg
not ok 61 - branding/badges/tech-badge.svg
ok 62 - branding/header.png
not ok 63 - branding/header.svg
not ok 64 - branding/logo.svg
not ok 65 - config/META6.json
ok 66 - config/analysis_options.yml
not ok 67 - config/apex-pmd-ruleset.xml
not ok 68 - config/apt.conf
not ok 69 - config/dpkg.cfg
not ok 70 - config/java-pmd-ruleset.xml
not ok 71 - config/lychee.toml
not ok 72 - config/lynis/custom.prf
not ok 73 - config/phpcs.xml
not ok 74 - config/phpstan.neon.dist
ok 75 - config/psalm.xml
not ok 76 - config/pyrightconfig.json
not ok 77 - config/styles/proselint/Airlinese.yml
not ok 78 - config/styles/proselint/AnimalLabels.yml
not ok 79 - config/styles/proselint/Annotations.yml
not ok 80 - config/styles/proselint/Apologizing.yml
not ok 81 - config/styles/proselint/Archaisms.yml
ok 82 - config/styles/proselint/But.yml
not ok 83 - config/styles/proselint/Cliches.yml
not ok 84 - config/styles/proselint/CorporateSpeak.yml
not ok 85 - config/styles/proselint/Currency.yml
not ok 86 - config/styles/proselint/Cursing.yml
not ok 87 - config/styles/proselint/DateCase.yml
not ok 88 - config/styles/proselint/DateMidnight.yml
not ok 89 - config/styles/proselint/DateRedundancy.yml
not ok 90 - config/styles/proselint/DateSpacing.yml
not ok 91 - config/styles/proselint/DenizenLabels.yml
not ok 92 - config/styles/proselint/Diacritical.yml
not ok 93 - config/styles/proselint/GenderBias.yml
not ok 94 - config/styles/proselint/GroupTerms.yml
not ok 95 - config/styles/proselint/Hedging.yml
not ok 96 - config/styles/proselint/Hyperbole.yml
not ok 97 - config/styles/proselint/Jargon.yml
not ok 98 - config/styles/proselint/LGBTOffensive.yml
not ok 99 - config/styles/proselint/LGBTTerms.yml
not ok 100 - config/styles/proselint/Malapropisms.yml
not ok 101 - config/styles/proselint/Needless.yml
not ok 102 - config/styles/proselint/Nonwords.yml
not ok 103 - config/styles/proselint/Oxymorons.yml
not ok 104 - config/styles/proselint/P-Value.yml
ok 105 - config/styles/proselint/RASSyndrome.yml
not ok 106 - config/styles/proselint/README.md
not ok 107 - config/styles/proselint/Skunked.yml
not ok 108 - config/styles/proselint/Spelling.yml
not ok 109 - config/styles/proselint/Typography.yml
not ok 110 - config/styles/proselint/Uncomparables.yml
not ok 111 - config/styles/proselint/Very.yml
not ok 112 - config/styles/proselint/meta.json
not ok 113 - config/styles/write-good/Cliches.yml
not ok 114 - config/styles/write-good/E-Prime.yml
ok 115 - config/styles/write-good/Illusions.yml
not ok 116 - config/styles/write-good/Passive.yml
ok 117 - config/styles/write-good/README.md
ok 118 - config/styles/write-good/So.yml
not ok 119 - config/styles/write-good/ThereIs.yml
not ok 120 - config/styles/write-good/TooWordy.yml
not ok 121 - config/styles/write-good/Weasel.yml
ok 122 - config/styles/write-good/meta.json
ok 123 - config/sun_checks.xml
not ok 124 - config/terragrunt.hcl
not ok 125 - config/terrascan-config.toml
not ok 126 - config/theme.json
not ok 127 - config/trivy-sbom.yaml
not ok 128 - config/trivy.yaml
not ok 129 - dashboard-app/.gitignore
not ok 130 - dashboard-app/README.md
ok 131 - dashboard-app/eslint.config.js
ok 132 - dashboard-app/index.html
ok 133 - dashboard-app/package-lock.json
ok 134 - dashboard-app/package.json
ok 135 - dashboard-app/public/achievements/achievements.json
ok 136 - dashboard-app/public/ai/identity.json
not ok 137 - dashboard-app/public/config/theme.json
not ok 138 - dashboard-app/public/developer/stats.json
ok 139 - dashboard-app/public/location/location.json
ok 140 - dashboard-app/public/oura/metrics.json
ok 141 - dashboard-app/public/oura/mood.json
ok 142 - dashboard-app/public/soundcloud/latest.json
not ok 143 - dashboard-app/public/vite.svg
not ok 144 - dashboard-app/public/weather/weather.json
ok 145 - dashboard-app/src/App.css
not ok 146 - dashboard-app/src/App.tsx
not ok 147 - dashboard-app/src/assets/react.svg
ok 148 - dashboard-app/src/components/AIIdentityCard.tsx
ok 149 - dashboard-app/src/components/AchievementsCard.tsx
ok 150 - dashboard-app/src/components/Card.tsx
ok 151 - dashboard-app/src/components/DeveloperDashboardCard.tsx
ok 152 - dashboard-app/src/components/LocationCard.tsx
ok 153 - dashboard-app/src/components/MoodAvatarCard.tsx
not ok 154 - dashboard-app/src/components/OuraHealthCard.tsx
not ok 155 - dashboard-app/src/components/SoundCloudCard.tsx
ok 156 - dashboard-app/src/components/WeatherCard.tsx
ok 157 - dashboard-app/src/index.css
ok 158 - dashboard-app/src/main.tsx
ok 159 - dashboard-app/src/styles/AIIdentityCard.css
ok 160 - dashboard-app/src/styles/AchievementsCard.css
ok 161 - dashboard-app/src/styles/Card.css
ok 162 - dashboard-app/src/styles/DeveloperDashboardCard.css
ok 163 - dashboard-app/src/styles/LocationCard.css
ok 164 - dashboard-app/src/styles/MoodAvatarCard.css
not ok 165 - dashboard-app/src/styles/OuraHealthCard.css
not ok 166 - dashboard-app/src/styles/SoundCloudCard.css
ok 167 - dashboard-app/src/styles/WeatherCard.css
not ok 168 - dashboard-app/src/types.ts
not ok 169 - dashboard-app/src/utils/dataFetcher.ts
not ok 170 - dashboard-app/src/utils/fetchData.ts
ok 171 - dashboard-app/tsconfig.app.json
ok 172 - dashboard-app/tsconfig.json
ok 173 - dashboard-app/tsconfig.node.json
ok 174 - dashboard-app/vite.config.ts
not ok 175 - dashboard-dark.svg
not ok 176 - dashboard-interactive.svg
not ok 177 - dashboard-light.svg
not ok 178 - dashboard.svg
ok 179 - data/metrics/developer.json
ok 180 - data/metrics/location.json
not ok 181 - data/metrics/oura.json
ok 182 - data/metrics/parallel-fetch.json
not ok 183 - data/metrics/soundcloud.json
ok 184 - data/metrics/test-workflow.json
ok 185 - data/metrics/weather.json
not ok 186 - data/mock/README.md
not ok 187 - data/mock/developer-stats.json
ok 188 - data/mock/oura-metrics.json
ok 189 - data/mock/soundcloud-artwork.jpg
ok 190 - data/mock/soundcloud-metadata.json
not ok 191 - data/mock/weather.json
not ok 192 - data/quotes/quotes.json
ok 193 - data/snapshots/README.md
ok 194 - data/snapshots/daily/.gitkeep
not ok 195 - data/snapshots/daily/2025/12/2025-12-03.json
ok 196 - data/snapshots/monthly/.gitkeep
ok 197 - data/snapshots/monthly/2025-12.json
ok 198 - data/snapshots/weekly/.gitkeep
ok 199 - data/snapshots/weekly/2025-W49.json
not ok 200 - data/status/status-page.svg
ok 201 - data/timezone.json
ok 202 - developer/.gitkeep
not ok 203 - developer/developer_dashboard.svg
not ok 204 - developer/stats.json
not ok 205 - docs/API_RESILIENCE.md
not ok 206 - docs/API_TIMEOUT_RETRY_GUIDE.md
not ok 207 - docs/CACHING_BENCHMARKS.md
not ok 208 - docs/CACHING_QUICK_REFERENCE.md
not ok 209 - docs/INTEGRATION_EXAMPLE.md
not ok 210 - docs/LOCATION_CARD_CHANGES.md
not ok 211 - docs/MONITORING.md
not ok 212 - docs/OPTIMIZATION_GUIDE.md
not ok 213 - docs/README_LAYOUT_BEFORE_AFTER.md
not ok 214 - docs/README_LAYOUT_CHANGELOG.md
not ok 215 - docs/README_SECTION_CHANGES.md
not ok 216 - docs/RELEASES.md
not ok 217 - docs/ROBUSTNESS_IMPROVEMENTS.md
not ok 218 - docs/TROUBLESHOOTING.md
not ok 219 - docs/UNIFIED_WORKFLOW_MIGRATION.md
not ok 220 - docs/WORKFLOWS.md
not ok 221 - docs/WORKFLOW_CACHING.md
not ok 222 - docs/architecture.md
not ok 223 - docs/cards.md
ok 224 - docs/markdown_valid_elements.md
not ok 225 - docs/style-guide.md
not ok 226 - docs/workflows.md
ok 227 - footer/README.md
ok 228 - footer/footer.html
ok 229 - location/.gitkeep
ok 230 - location/location-card.svg
ok 231 - location/location-map.png
ok 232 - location/location.json
ok 233 - models/.gitkeep
not ok 234 - mypy.ini
ok 235 - notebooks/.gitkeep
ok 236 - oura/.gitkeep
not ok 237 - oura/health_dashboard.svg
ok 238 - oura/health_snapshot.json
ok 239 - oura/metrics.json
ok 240 - oura/mood.json
ok 241 - oura/mood_dashboard.svg
not ok 242 - poetry.toml
not ok 243 - profile.code-workspace
not ok 244 - pyproject.toml
not ok 245 - quotes/quote.json
not ok 246 - quotes/quote_card.svg
not ok 247 - requirements-dev.txt
not ok 248 - requirements.txt
not ok 249 - schemas/README.md
ok 250 - schemas/developer-stats.schema.json
not ok 251 - schemas/health-snapshot.schema.json
not ok 252 - schemas/oura-metrics.schema.json
ok 253 - schemas/soundcloud-track.schema.json
not ok 254 - schemas/theme.schema.json
not ok 255 - schemas/weather.schema.json
not ok 256 - scripts/audit_megalinter_config.py
not ok 257 - scripts/comprehensive-audit.py
not ok 258 - scripts/dev-mode.sh
ok 259 - scripts/fetch-developer-stats.py
not ok 260 - scripts/fetch-location.sh
not ok 261 - scripts/fetch-oura.sh
not ok 262 - scripts/fetch-soundcloud.sh
not ok 263 - scripts/fetch-timezone.sh
not ok 264 - scripts/fetch-weather.sh
not ok 265 - scripts/fetch_quote.sh
not ok 266 - scripts/generate-card.py
not ok 267 - scripts/generate-consolidated-dashboard.py
not ok 268 - scripts/generate-developer-dashboard.py
not ok 269 - scripts/generate-fallback-map.py
not ok 270 - scripts/generate-health-dashboard.py
not ok 271 - scripts/generate-health-snapshot.py
not ok 272 - scripts/generate-interactive-dashboard.py
not ok 273 - scripts/generate-location-card.py
not ok 274 - scripts/generate-oura-mood-card.py
not ok 275 - scripts/generate-status-page.py
not ok 276 - scripts/generate-summary-card.py
not ok 277 - scripts/generate-themed-dashboard.py
not ok 278 - scripts/generate-weather-card.py
ok 279 - scripts/generate_megalinter_summary.py
ok 280 - scripts/generate_quote_card.py
not ok 281 - scripts/health_check.sh
ok 282 - scripts/incremental-generate.py
ok 283 - scripts/inject-footer.py
not ok 284 - scripts/lib/__init__.py
not ok 285 - scripts/lib/card_base.py
not ok 286 - scripts/lib/change_detection.py
not ok 287 - scripts/lib/common.sh
not ok 288 - scripts/lib/data_quality.py
ok 289 - scripts/lib/logging.sh
not ok 290 - scripts/lib/logging_utils.py
not ok 291 - scripts/lib/metrics.py
not ok 292 - scripts/lib/utils.py
not ok 293 - scripts/lib/weather_alerts.py
ok 294 - scripts/log_summary.py
not ok 295 - scripts/new-card.sh
not ok 296 - scripts/oura-mood-engine.py
not ok 297 - scripts/record-workflow-metrics.py
not ok 298 - scripts/store-historical-snapshot.py
ok 299 - scripts/update-readme.py
ok 300 - scripts/validate-data-quality.py
ok 301 - soundcloud/last-success.json
ok 302 - soundcloud/latest.json
not ok 303 - summary-monthly.svg
not ok 304 - summary-weekly.svg
ok 305 - tests/__init__.py
not ok 306 - tests/test_cache.sh
not ok 307 - tests/test_card_generators.py
not ok 308 - tests/test_change_detection.py
ok 309 - tests/test_data_quality.py
ok 310 - tests/test_developer_dashboard.py
not ok 311 - tests/test_fallback.py
ok 312 - tests/test_health_checks.sh
ok 313 - tests/test_location_diagnostics.py
not ok 314 - tests/test_location_shell_diagnostics.sh
ok 315 - tests/test_log_summary.py
not ok 316 - tests/test_mapbox_integration.py
not ok 317 - tests/test_metrics.py
not ok 318 - tests/test_new_card.sh
ok 319 - tests/test_quote_card.py
ok 320 - tests/test_retry_logic.sh
ok 321 - tests/test_theme_validation.py
ok 322 - tests/test_time_utils.py
not ok 323 - tests/test_timeout_coverage.sh
not ok 324 - tests/test_utils.py
not ok 325 - weather/debug_nominatim.json
not ok 326 - weather/debug_nominatim_response.txt
not ok 327 - weather/weather-today.svg
not ok 328 - weather/weather.json
